\BOOKMARK [1][-]{section.1}{\376\377\000R\000e\000p\000o\000r\000t\0001}{}% 1
\BOOKMARK [2][-]{subsection.1.1}{\376\377\000r\000p\000+\000+}{section.1}% 2
\BOOKMARK [3][-]{subsubsection.1.1.1}{\376\377\137\142\137\017\123\026\133\232\116\111}{subsection.1.1}% 3
\BOOKMARK [2][-]{subsection.1.2}{\376\377\145\160\176\304\156\070\142\017}{section.1}% 4
\BOOKMARK [3][-]{subsubsection.1.2.1}{\376\377\137\142\137\017\123\026\133\232\116\111}{subsection.1.2}% 5
\BOOKMARK [3][-]{subsubsection.1.2.2}{\376\377\211\343\230\230\140\035\215\357}{subsection.1.2}% 6
\BOOKMARK [3][-]{subsubsection.1.2.3}{\376\377\131\015\147\102\136\246\122\006\147\220}{subsection.1.2}% 7
\BOOKMARK [2][-]{subsection.1.3}{\376\377\117\140\125\234\153\042\000I\000n\000f\060\001\136\166\147\345\226\306\124\214\173\227\154\325\133\236\232\214\124\027}{section.1}% 8
\BOOKMARK [3][-]{subsubsection.1.3.1}{\376\377\137\142\137\017\123\026\133\232\116\111}{subsection.1.3}% 9
\BOOKMARK [3][-]{subsubsection.1.3.2}{\376\377\217\223\121\145\217\223\121\372\211\201\154\102}{subsection.1.3}% 10
\BOOKMARK [3][-]{subsubsection.1.3.3}{\376\377\136\166\147\345\226\306\136\224\165\050}{subsection.1.3}% 11
\BOOKMARK [3][-]{subsubsection.1.3.4}{\376\377\145\114\133\371\121\163\174\373\150\300\147\345}{subsection.1.3}% 12
\BOOKMARK [2][-]{subsection.1.4}{\376\377\000S\000h\000e\000r\000w\000a\000y\166\204\147\011\124\021\126\376}{section.1}% 13
\BOOKMARK [3][-]{subsubsection.1.4.1}{\376\377\137\142\137\017\123\026\133\232\116\111}{subsection.1.4}% 14
\BOOKMARK [3][-]{subsubsection.1.4.2}{\376\377\000f\000l\000o\000y\000d\145\071\217\333}{subsection.1.4}% 15
\BOOKMARK [3][-]{subsubsection.1.4.3}{\376\377\144\315\117\134\0003\117\030\123\026}{subsection.1.4}% 16
\BOOKMARK [3][-]{subsubsection.1.4.4}{\376\377\131\015\147\102\136\246\122\006\147\220}{subsection.1.4}% 17
\BOOKMARK [1][-]{section.2}{\376\377\000R\000e\000p\000o\000r\000t\0002}{}% 18
\BOOKMARK [2][-]{subsection.2.1}{\376\377\126\336\145\207\145\160\176\304}{section.2}% 19
\BOOKMARK [3][-]{subsubsection.2.1.1}{\376\377\137\142\137\017\123\026\133\232\116\111}{subsection.2.1}% 20
\BOOKMARK [3][-]{subsubsection.2.1.2}{\376\377\211\343\230\230\140\035\215\357}{subsection.2.1}% 21
\BOOKMARK [2][-]{subsection.2.2}{\376\377\136\163\210\141\231\156\230\337}{section.2}% 22
\BOOKMARK [3][-]{subsubsection.2.2.1}{\376\377\137\142\137\017\123\026\133\232\116\111}{subsection.2.2}% 23
\BOOKMARK [3][-]{subsubsection.2.2.2}{\376\377\211\343\230\230\140\035\215\357}{subsection.2.2}% 24
\BOOKMARK [3][-]{subsubsection.2.2.3}{\376\377\131\015\147\102\136\246\122\006\147\220}{subsection.2.2}% 25
\BOOKMARK [2][-]{subsection.2.3}{\376\377\121\166\133\236\000\040\000A\000l\000l\000e\000n\000\040\146\057\136\125\124\016\131\047\000\040\000B\000O\000S\000S}{section.2}% 26
\BOOKMARK [3][-]{subsubsection.2.3.1}{\376\377\137\142\137\017\123\026\133\232\116\111}{subsection.2.3}% 27
\BOOKMARK [3][-]{subsubsection.2.3.2}{\376\377\211\343\230\230\140\035\215\357}{subsection.2.3}% 28
\BOOKMARK [3][-]{subsubsection.2.3.3}{\376\377\131\015\147\102\136\246\122\006\147\220}{subsection.2.3}% 29
\BOOKMARK [2][-]{subsection.2.4}{\376\377\000S\000h\000e\000r\000w\000a\000y\116\016\136\102}{section.2}% 30
\BOOKMARK [3][-]{subsubsection.2.4.1}{\376\377\137\142\137\017\123\026\133\232\116\111}{subsection.2.4}% 31
\BOOKMARK [3][-]{subsubsection.2.4.2}{\376\377\211\343\230\230\140\035\215\357}{subsection.2.4}% 32
\BOOKMARK [3][-]{subsubsection.2.4.3}{\376\377\131\015\147\102\136\246\122\006\147\220}{subsection.2.4}% 33
\BOOKMARK [1][-]{section.3}{\376\377\000R\000e\000p\000o\000r\000t\0003}{}% 34
\BOOKMARK [2][-]{subsection.3.1}{\376\377\000i\000n\000f\166\204\145\305\210\114\213\241\122\022}{section.3}% 35
\BOOKMARK [3][-]{subsubsection.3.1.1}{\376\377\137\142\137\017\123\026\133\232\116\111}{subsection.3.1}% 36
\BOOKMARK [3][-]{subsubsection.3.1.2}{\376\377\211\343\230\230\140\035\215\357}{subsection.3.1}% 37
\BOOKMARK [3][-]{subsubsection.3.1.3}{\376\377\131\015\147\102\136\246\122\006\147\220}{subsection.3.1}% 38
\BOOKMARK [2][-]{subsection.3.2}{\376\377\147\000\134\017\137\002\142\026\215\357\137\204}{section.3}% 39
\BOOKMARK [3][-]{subsubsection.3.2.1}{\376\377\137\142\137\017\123\026\133\232\116\111}{subsection.3.2}% 40
\BOOKMARK [3][-]{subsubsection.3.2.2}{\376\377\211\343\230\230\140\035\215\357}{subsection.3.2}% 41
\BOOKMARK [3][-]{subsubsection.3.2.3}{\376\377\131\015\147\102\136\246\122\006\147\220}{subsection.3.2}% 42
\BOOKMARK [2][-]{subsection.3.3}{\376\377\150\021\133\146\225\177\000Q\000w\000Q\116\013\214\141\150\313\123\352\117\032\165\050\217\146}{section.3}% 43
\BOOKMARK [3][-]{subsubsection.3.3.1}{\376\377\137\142\137\017\123\026\133\232\116\111}{subsection.3.3}% 44
\BOOKMARK [3][-]{subsubsection.3.3.2}{\376\377\211\343\230\230\140\035\215\357}{subsection.3.3}% 45
\BOOKMARK [3][-]{subsubsection.3.3.3}{\376\377\131\015\147\102\136\246\122\006\147\220}{subsection.3.3}% 46
\BOOKMARK [2][-]{subsection.3.4}{\376\377\000S\000h\000e\000r\000w\000a\000y\166\204\123\141\162\114}{section.3}% 47
\BOOKMARK [3][-]{subsubsection.3.4.1}{\376\377\137\142\137\017\123\026\133\232\116\111}{subsection.3.4}% 48
\BOOKMARK [3][-]{subsubsection.3.4.2}{\376\377\211\343\230\230\140\035\215\357}{subsection.3.4}% 49
\BOOKMARK [3][-]{subsubsection.3.4.3}{\376\377\131\015\147\102\136\246\122\006\147\220}{subsection.3.4}% 50
