\BOOKMARK [1][-]{section.1}{\376\377\000R\000e\000p\000o\000r\000t\0002}{}% 1
\BOOKMARK [2][-]{subsection.1.1}{\376\377\126\336\145\207\145\160\176\304}{section.1}% 2
\BOOKMARK [3][-]{subsubsection.1.1.1}{\376\377\137\142\137\017\123\026\133\232\116\111}{subsection.1.1}% 3
\BOOKMARK [3][-]{subsubsection.1.1.2}{\376\377\211\343\230\230\140\035\215\357}{subsection.1.1}% 4
\BOOKMARK [3][-]{subsubsection.1.1.3}{\376\377\133\214\145\164\116\343\170\001}{subsection.1.1}% 5
\BOOKMARK [2][-]{subsection.1.2}{\376\377\136\163\210\141\231\156\230\337}{section.1}% 6
\BOOKMARK [3][-]{subsubsection.1.2.1}{\376\377\137\142\137\017\123\026\133\232\116\111}{subsection.1.2}% 7
\BOOKMARK [3][-]{subsubsection.1.2.2}{\376\377\211\343\230\230\140\035\215\357}{subsection.1.2}% 8
\BOOKMARK [3][-]{subsubsection.1.2.3}{\376\377\131\015\147\102\136\246\122\006\147\220}{subsection.1.2}% 9
\BOOKMARK [3][-]{subsubsection.1.2.4}{\376\377\133\214\145\164\116\343\170\001}{subsection.1.2}% 10
\BOOKMARK [2][-]{subsection.1.3}{\376\377\121\166\133\236\000\040\000A\000l\000l\000e\000n\000\040\146\057\136\125\124\016\131\047\000\040\000B\000O\000S\000S}{section.1}% 11
\BOOKMARK [3][-]{subsubsection.1.3.1}{\376\377\137\142\137\017\123\026\133\232\116\111}{subsection.1.3}% 12
\BOOKMARK [3][-]{subsubsection.1.3.2}{\376\377\211\343\230\230\140\035\215\357}{subsection.1.3}% 13
\BOOKMARK [3][-]{subsubsection.1.3.3}{\376\377\131\015\147\102\136\246\122\006\147\220}{subsection.1.3}% 14
\BOOKMARK [3][-]{subsubsection.1.3.4}{\376\377\133\214\145\164\116\343\170\001}{subsection.1.3}% 15
\BOOKMARK [2][-]{subsection.1.4}{\376\377\000S\000h\000e\000r\000w\000a\000y\116\016\136\102}{section.1}% 16
\BOOKMARK [3][-]{subsubsection.1.4.1}{\376\377\137\142\137\017\123\026\133\232\116\111}{subsection.1.4}% 17
\BOOKMARK [3][-]{subsubsection.1.4.2}{\376\377\211\343\230\230\140\035\215\357}{subsection.1.4}% 18
\BOOKMARK [3][-]{subsubsection.1.4.3}{\376\377\131\015\147\102\136\246\122\006\147\220}{subsection.1.4}% 19
\BOOKMARK [3][-]{subsubsection.1.4.4}{\376\377\133\214\145\164\116\343\170\001}{subsection.1.4}% 20
